// Jest Snapshot v1, https://goo.gl/fbAQLP

exports[`JobCard render filter layout for job 1`] = `ShallowWrapper {}`;
