// Jest Snapshot v1, https://goo.gl/fbAQLP

exports[`Heading render project header 1`] = `ShallowWrapper {}`;
