// Jest Snapshot v1, https://goo.gl/fbAQLP

exports[`Heading render project spinner 1`] = `ShallowWrapper {}`;
